// Jest Snapshot v1, https://goo.gl/fbAQLP

exports[`<EdgeCreateDialog /> renders correctly 1`] = `
<body
  class="bp4-overlay-open"
>
  <div />
  <div />
  <div
    class="bp4-portal dialog-portal-container"
  >
    <div
      aria-live="polite"
      class="bp4-overlay bp4-overlay-open bp4-overlay-scroll-container"
    >
      <div
        class="bp4-overlay-start-focus-trap bp4-overlay-appear bp4-overlay-appear-active"
        tabindex="0"
      />
      <div
        class="bp4-overlay-backdrop bp4-overlay-appear bp4-overlay-appear-active"
      />
      <div
        class="bp4-dialog-container bp4-overlay-content bp4-overlay-appear bp4-overlay-appear-active"
      >
        <div
          aria-labelledby="title-bp-dialog-0"
          class="bp4-dialog Dialog large"
          role="dialog"
        >
          <div
            class="bp4-dialog-header"
          >
            <span
              aria-hidden="true"
              class="bp4-icon bp4-icon-new-link"
              icon="new-link"
              tabindex="-1"
            >
              <svg
                data-icon="new-link"
                height="16"
                role="img"
                viewBox="0 0 16 16"
                width="16"
              >
                <path
                  d="M15 3h-1V2c0-.55-.45-1-1-1s-1 .45-1 1v1h-1c-.55 0-1 .45-1 1s.45 1 1 1h1v1c0 .55.45 1 1 1s1-.45 1-1V5h1c.55 0 1-.45 1-1s-.45-1-1-1zm-3.5 6a2.5 2.5 0 00-2.45 2h-4.1a2.5 2.5 0 100 1h4.1a2.5 2.5 0 102.45-3z"
                  fill-rule="evenodd"
                />
              </svg>
            </span>
            <h6
              class="bp4-heading"
              id="title-bp-dialog-0"
            >
              Add link
            </h6>
            <button
              aria-label="Close"
              class="bp4-button bp4-minimal bp4-dialog-close-button"
              type="button"
            >
              <span
                aria-hidden="true"
                class="bp4-icon bp4-icon-cross"
                icon="cross"
              >
                <svg
                  data-icon="cross"
                  height="16"
                  role="img"
                  viewBox="0 0 16 16"
                  width="16"
                >
                  <path
                    d="M9.41 8l3.29-3.29c.19-.18.3-.43.3-.71a1.003 1.003 0 00-1.71-.71L8 6.59l-3.29-3.3a1.003 1.003 0 00-1.42 1.42L6.59 8 3.3 11.29c-.19.18-.3.43-.3.71a1.003 1.003 0 001.71.71L8 9.41l3.29 3.29c.18.19.43.3.71.3a1.003 1.003 0 00.71-1.71L9.41 8z"
                    fill-rule="evenodd"
                  />
                </svg>
              </span>
            </button>
          </div>
          <div
            class="Dialog__content"
          >
            <form>
              <div
                class="bp4-dialog-body"
              >
                <div
                  style="flex: 1; display: flex; flex-flow: row;"
                >
                  <div
                    style="flex-grow: 1; flex-shrink: 1; flex-basis: auto; padding-right: 1em;"
                  >
                    <div
                      class="bp4-form-group"
                    >
                      <label
                        class="bp4-label"
                      >
                        Source
                         
                        <span
                          class="bp4-text-muted"
                        />
                      </label>
                      <div
                        class="bp4-form-content"
                      >
                        <div
                          class="bp4-popover-wrapper EntitySelect bp4-fill"
                        >
                          <div
                            aria-haspopup="true"
                            class="bp4-popover-target"
                            style="width: 100%;"
                          >
                            <div
                              class=""
                            >
                              <button
                                class="bp4-button bp4-fill bp4-align-left"
                                type="button"
                              >
                                <span
                                  class="bp4-button-text"
                                >
                                  Select an entity
                                </span>
                                <span
                                  aria-hidden="true"
                                  class="bp4-icon bp4-icon-caret-down"
                                  icon="caret-down"
                                >
                                  <svg
                                    data-icon="caret-down"
                                    height="16"
                                    role="img"
                                    viewBox="0 0 16 16"
                                    width="16"
                                  >
                                    <path
                                      d="M12 6.5c0-.28-.22-.5-.5-.5h-7a.495.495 0 00-.37.83l3.5 4c.09.1.22.17.37.17s.28-.07.37-.17l3.5-4c.08-.09.13-.2.13-.33z"
                                      fill-rule="evenodd"
                                    />
                                  </svg>
                                </span>
                              </button>
                            </div>
                          </div>
                        </div>
                      </div>
                    </div>
                  </div>
                  <div
                    style="flex-grow: 1; flex-shrink: 1; flex-basis: auto; padding-right: 1em;"
                  >
                    <div
                      class="bp4-form-group"
                    >
                      <label
                        class="bp4-label"
                      >
                        Type
                         
                        <span
                          class="bp4-text-muted"
                        />
                      </label>
                      <div
                        class="bp4-form-content"
                      >
                        <span
                          class="bp4-popover-wrapper"
                        >
                          <span
                            aria-haspopup="true"
                            class="bp4-popover-target"
                            style="width: 100%;"
                          >
                            <div
                              class=""
                            >
                              <button
                                class="bp4-button bp4-disabled bp4-fill bp4-align-left"
                                disabled=""
                                tabindex="-1"
                                type="button"
                              >
                                <span
                                  aria-hidden="true"
                                  class="bp4-icon bp4-icon-link"
                                  icon="link"
                                >
                                  <svg
                                    data-icon="link"
                                    height="16"
                                    role="img"
                                    viewBox="0 0 16 16"
                                    width="16"
                                  >
                                    <path
                                      d="M4.99 11.99c.28 0 .53-.11.71-.29l6-6a1.003 1.003 0 00-1.42-1.42l-6 6a1.003 1.003 0 00.71 1.71zm3.85-2.02L6.4 12.41l-1 1-.01-.01c-.36.36-.85.6-1.4.6-1.1 0-2-.9-2-2 0-.55.24-1.04.6-1.4l-.01-.01 1-1 2.44-2.44c-.33-.1-.67-.16-1.03-.16-1.1 0-2.09.46-2.81 1.19l-.02-.02-1 1 .02.02c-.73.72-1.19 1.71-1.19 2.81 0 2.21 1.79 4 4 4 1.1 0 2.09-.46 2.81-1.19l.02.02 1-1-.02-.02c.73-.72 1.19-1.71 1.19-2.81 0-.35-.06-.69-.15-1.02zm7.15-5.98c0-2.21-1.79-4-4-4-1.1 0-2.09.46-2.81 1.19l-.02-.02-1 1 .02.02c-.72.72-1.19 1.71-1.19 2.81 0 .36.06.69.15 1.02l2.44-2.44 1-1 .01.01c.36-.36.85-.6 1.4-.6 1.1 0 2 .9 2 2 0 .55-.24 1.04-.6 1.4l.01.01-1 1-2.43 2.45c.33.09.67.15 1.02.15 1.1 0 2.09-.46 2.81-1.19l.02.02 1-1-.02-.02a3.92 3.92 0 001.19-2.81z"
                                      fill-rule="evenodd"
                                    />
                                  </svg>
                                </span>
                                <span
                                  class="bp4-button-text"
                                >
                                  Select type
                                </span>
                                <span
                                  aria-hidden="true"
                                  class="bp4-icon bp4-icon-double-caret-vertical"
                                  icon="double-caret-vertical"
                                >
                                  <svg
                                    data-icon="double-caret-vertical"
                                    height="16"
                                    role="img"
                                    viewBox="0 0 16 16"
                                    width="16"
                                  >
                                    <path
                                      d="M5 7h6a1.003 1.003 0 00.71-1.71l-3-3C8.53 2.11 8.28 2 8 2s-.53.11-.71.29l-3 3A1.003 1.003 0 005 7zm6 2H5a1.003 1.003 0 00-.71 1.71l3 3c.18.18.43.29.71.29s.53-.11.71-.29l3-3A1.003 1.003 0 0011 9z"
                                      fill-rule="evenodd"
                                    />
                                  </svg>
                                </span>
                              </button>
                            </div>
                          </span>
                        </span>
                      </div>
                    </div>
                  </div>
                  <div
                    style="flex-grow: 1; flex-shrink: 1; flex-basis: auto; padding-right: 1em;"
                  >
                    <div
                      class="bp4-form-group"
                    >
                      <label
                        class="bp4-label"
                      >
                        Target
                         
                        <span
                          class="bp4-text-muted"
                        />
                      </label>
                      <div
                        class="bp4-form-content"
                      >
                        <div
                          class="bp4-popover-wrapper EntitySelect bp4-fill"
                        >
                          <div
                            aria-haspopup="true"
                            class="bp4-popover-target"
                            style="width: 100%;"
                          >
                            <div
                              class=""
                            >
                              <button
                                class="bp4-button bp4-fill bp4-align-left"
                                type="button"
                              >
                                <span
                                  class="bp4-button-text"
                                >
                                  Select an entity
                                </span>
                                <span
                                  aria-hidden="true"
                                  class="bp4-icon bp4-icon-caret-down"
                                  icon="caret-down"
                                >
                                  <svg
                                    data-icon="caret-down"
                                    height="16"
                                    role="img"
                                    viewBox="0 0 16 16"
                                    width="16"
                                  >
                                    <path
                                      d="M12 6.5c0-.28-.22-.5-.5-.5h-7a.495.495 0 00-.37.83l3.5 4c.09.1.22.17.37.17s.28-.07.37-.17l3.5-4c.08-.09.13-.2.13-.33z"
                                      fill-rule="evenodd"
                                    />
                                  </svg>
                                </span>
                              </button>
                            </div>
                          </div>
                        </div>
                      </div>
                    </div>
                  </div>
                  <div
                    style="flex-grow: 0; flex-shrink: 1; flex-basis: 1%;"
                  >
                    <div
                      class="bp4-form-group"
                    >
                      <label
                        class="bp4-label"
                      >
                         
                         
                        <span
                          class="bp4-text-muted"
                        />
                      </label>
                      <div
                        class="bp4-form-content"
                      >
                        <button
                          class="bp4-button bp4-disabled"
                          disabled=""
                          tabindex="-1"
                          type="button"
                        >
                          <span
                            aria-hidden="true"
                            class="bp4-icon bp4-icon-exchange"
                            icon="exchange"
                          >
                            <svg
                              data-icon="exchange"
                              height="16"
                              role="img"
                              viewBox="0 0 16 16"
                              width="16"
                            >
                              <path
                                d="M1.99 5.99c-1.1 0-2 .9-2 2s.9 2 2 2 2-.9 2-2-.89-2-2-2zm4.15 1.86a.495.495 0 10.7-.7L5.7 5.99h5.79c.28 0 .5-.22.5-.5s-.22-.5-.5-.5H5.7l1.15-1.15a.495.495 0 10-.7-.7l-2 2c-.1.09-.16.21-.16.35s.06.26.15.35l2 2.01zm7.85-1.86c-1.1 0-2 .9-2 2s.9 2 2 2 2-.9 2-2-.89-2-2-2zM9.85 8.14a.533.533 0 00-.36-.15.495.495 0 00-.35.85l1.15 1.15h-5.8c-.28 0-.5.22-.5.5s.22.5.5.5h5.79l-1.15 1.15a.495.495 0 10.7.7l2-2c.09-.09.15-.22.15-.35s-.06-.26-.15-.35l-1.98-2z"
                                fill-rule="evenodd"
                              />
                            </svg>
                          </span>
                        </button>
                      </div>
                    </div>
                  </div>
                </div>
              </div>
              <div
                class="bp4-dialog-footer"
              >
                <div
                  class="bp4-dialog-footer-actions"
                >
                  <button
                    class="bp4-button bp4-disabled bp4-intent-primary"
                    disabled=""
                    tabindex="-1"
                    type="submit"
                  >
                    <span
                      class="bp4-button-text"
                    >
                      Create
                    </span>
                  </button>
                </div>
              </div>
            </form>
          </div>
        </div>
      </div>
      <div
        class="bp4-overlay-end-focus-trap bp4-overlay-appear bp4-overlay-appear-active"
        tabindex="0"
      />
    </div>
  </div>
</body>
`;
